--- expected-abi	2026-07-11 01:14:27.329980364 -0500
+++ actual-abi	2026-07-11 01:14:27.334980321 -0500
@@ -32,10 +32,16 @@
 plank_abstract_main_set_main_url
 plank_abstract_main_set_translate_url
 plank_animation_mode_get_type
+plank_animation_mode_mapping_copy
+plank_animation_mode_mapping_destroy
+plank_animation_mode_mapping_dup
+plank_animation_mode_mapping_free
+plank_animation_mode_mapping_get_type
 plank_animation_type_get_type
 plank_application_dock_item_construct
 plank_application_dock_item_construct_with_dockitem_file
 plank_application_dock_item_construct_with_dockitem_filename
+plank_application_dock_item_get_App
 plank_application_dock_item_get_type
 plank_application_dock_item_get_unity_application_uri
 plank_application_dock_item_get_unity_dbusname
@@ -54,6 +60,7 @@
 plank_application_dock_item_provider_item_for_application
 plank_application_dock_item_provider_new
 plank_application_dock_item_provider_resume_items_monitor
+plank_application_dock_item_set_App
 plank_application_dock_item_set_urgent
 plank_application_dock_item_unity_reset
 plank_application_dock_item_unity_update
@@ -84,11 +91,14 @@
 plank_color_set_sat
 plank_color_set_val
 plank_color_to_prefs_string
+plank_combine_strings
 plank_composited_window_construct
 plank_composited_window_construct_with_type
 plank_composited_window_get_type
 plank_composited_window_new
 plank_composited_window_new_with_type
+plank_console_color_get_type
+plank_create_settings
 plank_dbus_client_add_item
 plank_dbus_client_get_hover_position
 plank_dbus_client_get_instance
@@ -98,6 +108,18 @@
 plank_dbus_client_get_transient_applications
 plank_dbus_client_get_type
 plank_dbus_client_remove_item
+plank_dbus_items_construct
+plank_dbus_items_get_type
+plank_dbus_items_iface_add
+plank_dbus_items_iface_get_count
+plank_dbus_items_iface_get_hover_position
+plank_dbus_items_iface_get_persistent_applications
+plank_dbus_items_iface_get_transient_applications
+plank_dbus_items_iface_get_type
+plank_dbus_items_iface_proxy_get_type
+plank_dbus_items_iface_register_object
+plank_dbus_items_iface_remove
+plank_dbus_items_new
 plank_dbus_manager_construct
 plank_dbus_manager_get_type
 plank_dbus_manager_new
@@ -106,6 +128,9 @@
 plank_default_application_dock_item_provider_get_type
 plank_default_application_dock_item_provider_new
 plank_default_application_dock_item_provider_pin_item
+plank_desktop_nofications_get_ShowNotifications
+plank_desktop_nofications_get_type
+plank_desktop_nofications_set_ShowNotifications
 plank_dock_container_add
 plank_dock_container_add_all
 plank_dock_container_clear
@@ -117,6 +142,7 @@
 plank_dock_container_get_type
 plank_dock_container_move_element
 plank_dock_container_move_to
+plank_dock_container_placeholder_item
 plank_dock_container_prepare
 plank_dock_container_prepend
 plank_dock_container_remove
@@ -332,9 +358,11 @@
 plank_dock_theme_draw_item_count
 plank_dock_theme_draw_item_progress
 plank_dock_theme_get_ActiveTime
+plank_dock_theme_get_BadgeColor
 plank_dock_theme_get_BottomPadding
 plank_dock_theme_get_CascadeHide
 plank_dock_theme_get_ClickTime
+plank_dock_theme_get_DockMargin
 plank_dock_theme_get_FadeOpacity
 plank_dock_theme_get_FadeTime
 plank_dock_theme_get_GlowPulseTime
@@ -356,9 +384,11 @@
 plank_dock_theme_get_type
 plank_dock_theme_new
 plank_dock_theme_set_ActiveTime
+plank_dock_theme_set_BadgeColor
 plank_dock_theme_set_BottomPadding
 plank_dock_theme_set_CascadeHide
 plank_dock_theme_set_ClickTime
+plank_dock_theme_set_DockMargin
 plank_dock_theme_set_FadeOpacity
 plank_dock_theme_set_FadeTime
 plank_dock_theme_set_GlowPulseTime
@@ -403,6 +433,16 @@
 plank_docklet_manager_list_docklets
 plank_docklet_manager_load_docklets
 plank_docklet_manager_register_docklet
+plank_docklet_node_construct
+plank_docklet_node_get_type
+plank_docklet_node_new
+plank_docklet_node_ref
+plank_docklet_node_unref
+plank_docklet_view_model_add
+plank_docklet_view_model_column_get_type
+plank_docklet_view_model_construct
+plank_docklet_view_model_get_type
+plank_docklet_view_model_new
 plank_drag_manager_construct
 plank_drag_manager_drop_is_accepted_by
 plank_drag_manager_ensure_proxy
@@ -423,14 +463,53 @@
 plank_drawing_service_load_icon
 plank_drawing_service_load_icon_for_scale
 plank_drawing_service_try_get_icon_file
+plank_ease_in_back
+plank_ease_in_bounce
+plank_ease_in_bounce_internal
+plank_ease_in_circ
+plank_ease_in_cubic
+plank_ease_in_elastic
+plank_ease_in_expo
+plank_ease_in_out_back
+plank_ease_in_out_bounce
+plank_ease_in_out_circ
+plank_ease_in_out_cubic
+plank_ease_in_out_elastic
+plank_ease_in_out_expo
+plank_ease_in_out_quad
+plank_ease_in_out_quart
+plank_ease_in_out_quint
+plank_ease_in_out_sine
+plank_ease_in_quad
+plank_ease_in_quart
+plank_ease_in_quint
+plank_ease_in_sine
+plank_ease_out_back
+plank_ease_out_bounce
+plank_ease_out_bounce_internal
+plank_ease_out_circ
+plank_ease_out_cubic
+plank_ease_out_elastic
+plank_ease_out_expo
+plank_ease_out_quad
+plank_ease_out_quart
+plank_ease_out_quint
+plank_ease_out_sine
 plank_easing_for_mode
+plank_easing_func_for_mode
+plank_easing_name_for_mode
 plank_environment_initialize
 plank_environment_is_session_class
 plank_environment_is_session_desktop
 plank_environment_is_session_type
+plank_environment_settings_get_ShowNotifications
+plank_environment_settings_get_instance
+plank_environment_settings_get_type
 plank_factory_construct
 plank_factory_get_type
 plank_factory_init
+plank_factory_item_factory
+plank_factory_main
 plank_factory_new
 plank_file_dock_item_construct
 plank_file_dock_item_construct_with_dockitem_file
@@ -444,10 +523,19 @@
 plank_file_dock_item_new_with_dockitem_filename
 plank_file_dock_item_new_with_file
 plank_file_dock_item_set_OwnedFile
+plank_file_is_dockitem
 plank_get_major_version
 plank_get_micro_version
 plank_get_minor_version
 plank_get_nano_version
+plank_get_resource
+plank_get_xdg_session_class
+plank_get_xdg_session_desktop
+plank_get_xdg_session_type
+plank_gnome_desktop_notifications_construct
+plank_gnome_desktop_notifications_get_type
+plank_gnome_desktop_notifications_new
+plank_gnome_desktop_notifications_try_get_instance
 plank_hide_manager_construct
 plank_hide_manager_get_Disabled
 plank_hide_manager_get_Hidden
@@ -465,6 +553,7 @@
 plank_hover_window_set_text
 plank_hover_window_show_at
 plank_indicator_state_get_type
+plank_internal_quarks_initialize
 plank_item_factory_construct
 plank_item_factory_default_make_element
 plank_item_factory_get_item_for_dock
@@ -476,6 +565,7 @@
 plank_item_factory_make_element
 plank_item_factory_new
 plank_item_state_get_type
+plank_linear
 plank_log_level_get_type
 plank_logger_get_DisplayLevel
 plank_logger_get_type
@@ -483,7 +573,18 @@
 plank_logger_notification
 plank_logger_set_DisplayLevel
 plank_logger_verbose
+plank_matcher_active_launchers
+plank_matcher_app_for_uri
+plank_matcher_get_default
+plank_matcher_get_type
+plank_matcher_set_favorites
+plank_nround
+plank_pantheon_desktop_notifications_construct
+plank_pantheon_desktop_notifications_get_type
+plank_pantheon_desktop_notifications_new
+plank_pantheon_desktop_notifications_try_get_instance
 plank_param_spec_dock_item_draw_value
+plank_param_spec_docklet_node
 plank_paths_ensure_directory_exists
 plank_paths_get_AppCacheFolder
 plank_paths_get_AppConfigFolder
@@ -529,6 +630,7 @@
 plank_position_manager_construct
 plank_position_manager_get_Alignment
 plank_position_manager_get_BottomPadding
+plank_position_manager_get_DockMargin
 plank_position_manager_get_GlowSize
 plank_position_manager_get_HorizPadding
 plank_position_manager_get_IconShadowSize
@@ -589,6 +691,7 @@
 plank_preferences_window_get_type
 plank_preferences_window_new
 plank_preferences_window_set_controller
+plank_quark_surface_stats
 plank_renderer_animated_draw
 plank_renderer_animation_needed
 plank_renderer_construct
@@ -601,6 +704,9 @@
 plank_serializable_deserialize
 plank_serializable_get_type
 plank_serializable_serialize
+plank_session_class
+plank_session_desktop
+plank_session_type
 plank_settings_apply
 plank_settings_construct
 plank_settings_construct_with_path
@@ -610,6 +716,8 @@
 plank_settings_get_type
 plank_settings_reset_all
 plank_settings_verify
+plank_string_split_combine
+plank_struts_get_type
 plank_surface_average_color
 plank_surface_cache_clear
 plank_surface_cache_construct
@@ -650,7 +758,10 @@
 plank_system_open
 plank_system_open_files
 plank_system_open_uri
+plank_task_free
+plank_task_new
 plank_task_priority_get_type
+plank_task_run
 plank_theme_construct
 plank_theme_construct_with_name
 plank_theme_create_style_context
@@ -685,10 +796,13 @@
 plank_titled_separator_menu_item_new
 plank_titled_separator_menu_item_new_no_line
 plank_transient_dock_item_construct
+plank_transient_dock_item_construct_with_application
 plank_transient_dock_item_construct_with_launcher
 plank_transient_dock_item_get_type
 plank_transient_dock_item_new
+plank_transient_dock_item_new_with_application
 plank_transient_dock_item_new_with_launcher
+plank_try_create_settings
 plank_unity_add_client
 plank_unity_client_get_type
 plank_unity_client_remove_launcher_entry
@@ -697,8 +811,30 @@
 plank_unity_get_type
 plank_unity_remove_client
 plank_value_get_dock_item_draw_value
+plank_value_get_docklet_node
 plank_value_set_dock_item_draw_value
+plank_value_set_docklet_node
 plank_value_take_dock_item_draw_value
+plank_value_take_docklet_node
+plank_window_control_close_all
+plank_window_control_focus_next
+plank_window_control_focus_previous
+plank_window_control_focus_window
+plank_window_control_get_app_icon
+plank_window_control_get_easy_geometry
+plank_window_control_get_ordered_window_stack
+plank_window_control_get_type
+plank_window_control_get_window_icon
+plank_window_control_has_maximized_window
+plank_window_control_has_minimized_window
+plank_window_control_has_window_on_workspace
+plank_window_control_initialize
+plank_window_control_maximize
+plank_window_control_minimize
+plank_window_control_restore
+plank_window_control_smart_focus
+plank_window_control_unmaximize
+plank_window_control_update_icon_regions
 plank_worker_add_task
 plank_worker_add_task_with_result
 plank_worker_add_task_with_result_finish
PASS abicheck.sh (exit status: 0)
